2026-10-08 14:46:01,998 - aqt.main - INFO - installer 140008891195392 aqtinstall(aqt) v3.3.0 on Python 3.10.12 [CPython GCC 11.4.0]
2026-10-08 14:46:01,999 - aqt.helper - DEBUG - helper 140008891195392 Attempt to download checksum at https://download.qt.io/online/qtsdkrepository/linux_x64/desktop/qt6_683/qt6_683/Updates.xml.sha256
2026-10-08 14:46:02,398 - aqt.helper - DEBUG - helper 140008891195392 Attempt to download checksum at https://download.qt.io/online/qtsdkrepository/linux_x64/extensions/qtwebengine/683/x86_64/Updates.xml.sha256
2026-10-08 14:46:02,805 - aqt.archives - INFO - archives 140008891195392 Found extension qtwebengine
2026-10-08 14:46:02,805 - aqt.helper - DEBUG - helper 140008891195392 Attempt to download checksum at https://download.qt.io/online/qtsdkrepository/linux_x64/extensions/qtpdf/683/x86_64/Updates.xml.sha256
2026-10-08 14:46:03,211 - aqt.archives - INFO - archives 140008891195392 Found extension qtpdf
2026-10-08 14:46:03,479 - aqt.helper - DEBUG - helper 140289039118336 Attempt to download checksum at https://download.qt.io/online/qtsdkrepository/linux_x64/desktop/qt6_683/qt6_683/qt.qt6.683.addons.qt5compat.linux_gcc_64/6.8.3-0-202503201345qt5compat-Linux-RHEL_8_10-GCC-Linux-RHEL_8_10-X86_64.7z.sha256
2026-10-08 14:46:03,492 - aqt.helper - DEBUG - helper 140637946404864 Attempt to download checksum at https://download.qt.io/online/qtsdkrepository/linux_x64/desktop/qt6_683/qt6_683/qt.qt6.683.addons.qtcharts.linux_gcc_64/6.8.3-0-202503201345qtcharts-Linux-RHEL_8_10-GCC-Linux-RHEL_8_10-X86_64.7z.sha256
2026-10-08 14:46:03,504 - aqt.helper - DEBUG - helper 139624822165504 Attempt to download checksum at https://download.qt.io/online/qtsdkrepository/linux_x64/desktop/qt6_683/qt6_683/qt.qt6.683.addons.qtconnectivity.linux_gcc_64/6.8.3-0-202503201345qtconnectivity-Linux-RHEL_8_10-GCC-Linux-RHEL_8_10-X86_64.7z.sha256
2026-10-08 14:46:03,507 - aqt.helper - DEBUG - helper 140505756471296 Attempt to download checksum at https://download.qt.io/online/qtsdkrepository/linux_x64/desktop/qt6_683/qt6_683/qt.qt6.683.addons.qtimageformats.linux_gcc_64/6.8.3-0-202503201345qtimageformats-Linux-RHEL_8_10-GCC-Linux-RHEL_8_10-X86_64.7z.sha256
2026-10-08 14:46:03,684 - aqt.helper - INFO - helper 140289039118336 Downloading qt5compat...
2026-10-08 14:46:03,685 - aqt.installer - DEBUG - installer 140289039118336 Download URL: https://download.qt.io/online/qtsdkrepository/linux_x64/desktop/qt6_683/qt6_683/qt.qt6.683.addons.qt5compat.linux_gcc_64/6.8.3-0-202503201345qt5compat-Linux-RHEL_8_10-GCC-Linux-RHEL_8_10-X86_64.7z
2026-10-08 14:46:03,706 - aqt.helper - INFO - helper 140505756471296 Downloading qtimageformats...
2026-10-08 14:46:03,706 - aqt.installer - DEBUG - installer 140505756471296 Download URL: https://download.qt.io/online/qtsdkrepository/linux_x64/desktop/qt6_683/qt6_683/qt.qt6.683.addons.qtimageformats.linux_gcc_64/6.8.3-0-202503201345qtimageformats-Linux-RHEL_8_10-GCC-Linux-RHEL_8_10-X86_64.7z
2026-10-08 14:46:03,720 - aqt.helper - INFO - helper 139624822165504 Downloading qtconnectivity...
2026-10-08 14:46:03,720 - aqt.installer - DEBUG - installer 139624822165504 Download URL: https://download.qt.io/online/qtsdkrepository/linux_x64/desktop/qt6_683/qt6_683/qt.qt6.683.addons.qtconnectivity.linux_gcc_64/6.8.3-0-202503201345qtconnectivity-Linux-RHEL_8_10-GCC-Linux-RHEL_8_10-X86_64.7z
2026-10-08 14:46:03,787 - aqt.helper - INFO - helper 140637946404864 Downloading qtcharts...
2026-10-08 14:46:03,788 - aqt.installer - DEBUG - installer 140637946404864 Download URL: https://download.qt.io/online/qtsdkrepository/linux_x64/desktop/qt6_683/qt6_683/qt.qt6.683.addons.qtcharts.linux_gcc_64/6.8.3-0-202503201345qtcharts-Linux-RHEL_8_10-GCC-Linux-RHEL_8_10-X86_64.7z
2026-10-08 14:46:03,873 - aqt.helper - DEBUG - helper 140289039118336 Asked to redirect(302) to: https://ftp.fau.de/qtproject/online/qtsdkrepository/linux_x64/desktop/qt6_683/qt6_683/qt.qt6.683.addons.qt5compat.linux_gcc_64/6.8.3-0-202503201345qt5compat-Linux-RHEL_8_10-GCC-Linux-RHEL_8_10-X86_64.7z
2026-10-08 14:46:03,873 - aqt.helper - INFO - helper 140289039118336 Redirected: ftp.fau.de
2026-10-08 14:46:03,900 - aqt.helper - DEBUG - helper 140505756471296 Asked to redirect(302) to: https://ftp.fau.de/qtproject/online/qtsdkrepository/linux_x64/desktop/qt6_683/qt6_683/qt.qt6.683.addons.qtimageformats.linux_gcc_64/6.8.3-0-202503201345qtimageformats-Linux-RHEL_8_10-GCC-Linux-RHEL_8_10-X86_64.7z
2026-10-08 14:46:03,901 - aqt.helper - INFO - helper 140505756471296 Redirected: ftp.fau.de
2026-10-08 14:46:03,907 - aqt.helper - DEBUG - helper 139624822165504 Asked to redirect(302) to: https://ftp.fau.de/qtproject/online/qtsdkrepository/linux_x64/desktop/qt6_683/qt6_683/qt.qt6.683.addons.qtconnectivity.linux_gcc_64/6.8.3-0-202503201345qtconnectivity-Linux-RHEL_8_10-GCC-Linux-RHEL_8_10-X86_64.7z
2026-10-08 14:46:03,907 - aqt.helper - INFO - helper 139624822165504 Redirected: ftp.fau.de
2026-10-08 14:46:03,982 - aqt.helper - DEBUG - helper 140637946404864 Asked to redirect(302) to: https://ftp.fau.de/qtproject/online/qtsdkrepository/linux_x64/desktop/qt6_683/qt6_683/qt.qt6.683.addons.qtcharts.linux_gcc_64/6.8.3-0-202503201345qtcharts-Linux-RHEL_8_10-GCC-Linux-RHEL_8_10-X86_64.7z
2026-10-08 14:46:03,983 - aqt.helper - INFO - helper 140637946404864 Redirected: ftp.fau.de
2026-10-08 14:46:04,116 - aqt.installer - INFO - installer 140505756471296 Finished installation of qtimageformats-Linux-RHEL_8_10-GCC-Linux-RHEL_8_10-X86_64.7z in 0.61099580
2026-10-08 14:46:04,150 - aqt.installer - INFO - installer 140289039118336 Finished installation of qt5compat-Linux-RHEL_8_10-GCC-Linux-RHEL_8_10-X86_64.7z in 0.67265178
2026-10-08 14:46:04,152 - aqt.helper - DEBUG - helper 140505756471296 Attempt to download checksum at https://download.qt.io/online/qtsdkrepository/linux_x64/desktop/qt6_683/qt6_683/qt.qt6.683.addons.qtshadertools.linux_gcc_64/6.8.3-0-202503201345qtshadertools-Linux-RHEL_8_10-GCC-Linux-RHEL_8_10-X86_64.7z.sha256
2026-10-08 14:46:04,182 - aqt.helper - DEBUG - helper 140289039118336 Attempt to download checksum at https://download.qt.io/online/qtsdkrepository/linux_x64/desktop/qt6_683/qt6_683/qt.qt6.683.addons.qtwebsockets.linux_gcc_64/6.8.3-0-202503201345qtwebsockets-Linux-RHEL_8_10-GCC-Linux-RHEL_8_10-X86_64.7z.sha256
2026-10-08 14:46:04,211 - aqt.installer - INFO - installer 139624822165504 Finished installation of qtconnectivity-Linux-RHEL_8_10-GCC-Linux-RHEL_8_10-X86_64.7z in 0.70885030
2026-10-08 14:46:04,242 - aqt.helper - DEBUG - helper 139624822165504 Attempt to download checksum at https://download.qt.io/online/qtsdkrepository/linux_x64/desktop/qt6_683/qt6_683/qt.qt6.683.linux_gcc_64/6.8.3-0-202503201345qtbase-Linux-RHEL_8_10-GCC-Linux-RHEL_8_10-X86_64.7z.sha256
2026-10-08 14:46:04,364 - aqt.helper - INFO - helper 140505756471296 Downloading qtshadertools...
2026-10-08 14:46:04,365 - aqt.installer - DEBUG - installer 140505756471296 Download URL: https://download.qt.io/online/qtsdkrepository/linux_x64/desktop/qt6_683/qt6_683/qt.qt6.683.addons.qtshadertools.linux_gcc_64/6.8.3-0-202503201345qtshadertools-Linux-RHEL_8_10-GCC-Linux-RHEL_8_10-X86_64.7z
2026-10-08 14:46:04,400 - aqt.helper - INFO - helper 140289039118336 Downloading qtwebsockets...
2026-10-08 14:46:04,400 - aqt.installer - DEBUG - installer 140289039118336 Download URL: https://download.qt.io/online/qtsdkrepository/linux_x64/desktop/qt6_683/qt6_683/qt.qt6.683.addons.qtwebsockets.linux_gcc_64/6.8.3-0-202503201345qtwebsockets-Linux-RHEL_8_10-GCC-Linux-RHEL_8_10-X86_64.7z
2026-10-08 14:46:04,437 - aqt.installer - INFO - installer 140637946404864 Finished installation of qtcharts-Linux-RHEL_8_10-GCC-Linux-RHEL_8_10-X86_64.7z in 0.94795746
2026-10-08 14:46:04,442 - aqt.helper - INFO - helper 139624822165504 Downloading qtbase...
2026-10-08 14:46:04,442 - aqt.installer - DEBUG - installer 139624822165504 Download URL: https://download.qt.io/online/qtsdkrepository/linux_x64/desktop/qt6_683/qt6_683/qt.qt6.683.linux_gcc_64/6.8.3-0-202503201345qtbase-Linux-RHEL_8_10-GCC-Linux-RHEL_8_10-X86_64.7z
2026-10-08 14:46:04,466 - aqt.helper - DEBUG - helper 140637946404864 Attempt to download checksum at https://download.qt.io/online/qtsdkrepository/linux_x64/desktop/qt6_683/qt6_683/qt.qt6.683.linux_gcc_64/6.8.3-0-202503201345qtsvg-Linux-RHEL_8_10-GCC-Linux-RHEL_8_10-X86_64.7z.sha256
2026-10-08 14:46:04,560 - aqt.helper - DEBUG - helper 140505756471296 Asked to redirect(302) to: https://ftp.fau.de/qtproject/online/qtsdkrepository/linux_x64/desktop/qt6_683/qt6_683/qt.qt6.683.addons.qtshadertools.linux_gcc_64/6.8.3-0-202503201345qtshadertools-Linux-RHEL_8_10-GCC-Linux-RHEL_8_10-X86_64.7z
2026-10-08 14:46:04,560 - aqt.helper - INFO - helper 140505756471296 Redirected: ftp.fau.de
2026-10-08 14:46:04,599 - aqt.helper - DEBUG - helper 140289039118336 Asked to redirect(302) to: https://ftp.fau.de/qtproject/online/qtsdkrepository/linux_x64/desktop/qt6_683/qt6_683/qt.qt6.683.addons.qtwebsockets.linux_gcc_64/6.8.3-0-202503201345qtwebsockets-Linux-RHEL_8_10-GCC-Linux-RHEL_8_10-X86_64.7z
2026-10-08 14:46:04,599 - aqt.helper - INFO - helper 140289039118336 Redirected: ftp.fau.de
2026-10-08 14:46:04,631 - aqt.helper - DEBUG - helper 139624822165504 Asked to redirect(302) to: https://ftp.fau.de/qtproject/online/qtsdkrepository/linux_x64/desktop/qt6_683/qt6_683/qt.qt6.683.linux_gcc_64/6.8.3-0-202503201345qtbase-Linux-RHEL_8_10-GCC-Linux-RHEL_8_10-X86_64.7z
2026-10-08 14:46:04,631 - aqt.helper - INFO - helper 139624822165504 Redirected: ftp.fau.de
2026-10-08 14:46:04,665 - aqt.helper - INFO - helper 140637946404864 Downloading qtsvg...
2026-10-08 14:46:04,666 - aqt.installer - DEBUG - installer 140637946404864 Download URL: https://download.qt.io/online/qtsdkrepository/linux_x64/desktop/qt6_683/qt6_683/qt.qt6.683.linux_gcc_64/6.8.3-0-202503201345qtsvg-Linux-RHEL_8_10-GCC-Linux-RHEL_8_10-X86_64.7z
2026-10-08 14:46:04,764 - aqt.installer - INFO - installer 140289039118336 Finished installation of qtwebsockets-Linux-RHEL_8_10-GCC-Linux-RHEL_8_10-X86_64.7z in 0.58389617
2026-10-08 14:46:04,789 - aqt.helper - DEBUG - helper 140289039118336 Attempt to download checksum at https://download.qt.io/online/qtsdkrepository/linux_x64/desktop/qt6_683/qt6_683/qt.qt6.683.linux_gcc_64/6.8.3-0-202503201345qtdeclarative-Linux-RHEL_8_10-GCC-Linux-RHEL_8_10-X86_64.7z.sha256
2026-10-08 14:46:04,860 - aqt.helper - DEBUG - helper 140637946404864 Asked to redirect(302) to: https://ftp.fau.de/qtproject/online/qtsdkrepository/linux_x64/desktop/qt6_683/qt6_683/qt.qt6.683.linux_gcc_64/6.8.3-0-202503201345qtsvg-Linux-RHEL_8_10-GCC-Linux-RHEL_8_10-X86_64.7z
2026-10-08 14:46:04,861 - aqt.helper - INFO - helper 140637946404864 Redirected: ftp.fau.de
2026-10-08 14:46:04,921 - aqt.installer - INFO - installer 140505756471296 Finished installation of qtshadertools-Linux-RHEL_8_10-GCC-Linux-RHEL_8_10-X86_64.7z in 0.77031066
2026-10-08 14:46:04,950 - aqt.helper - DEBUG - helper 140505756471296 Attempt to download checksum at https://download.qt.io/online/qtsdkrepository/linux_x64/desktop/qt6_683/qt6_683/qt.qt6.683.linux_gcc_64/6.8.3-0-202503201345qttools-Linux-RHEL_8_10-GCC-Linux-RHEL_8_10-X86_64.7z.sha256
2026-10-08 14:46:05,001 - aqt.helper - INFO - helper 140289039118336 Downloading qtdeclarative...
2026-10-08 14:46:05,002 - aqt.installer - DEBUG - installer 140289039118336 Download URL: https://download.qt.io/online/qtsdkrepository/linux_x64/desktop/qt6_683/qt6_683/qt.qt6.683.linux_gcc_64/6.8.3-0-202503201345qtdeclarative-Linux-RHEL_8_10-GCC-Linux-RHEL_8_10-X86_64.7z
2026-10-08 14:46:05,079 - aqt.installer - INFO - installer 140637946404864 Finished installation of qtsvg-Linux-RHEL_8_10-GCC-Linux-RHEL_8_10-X86_64.7z in 0.61451926
2026-10-08 14:46:05,104 - aqt.helper - DEBUG - helper 140637946404864 Attempt to download checksum at https://download.qt.io/online/qtsdkrepository/linux_x64/desktop/qt6_683/qt6_683/qt.qt6.683.linux_gcc_64/6.8.3-0-202503201345qttranslations-Linux-RHEL_8_10-GCC-Linux-RHEL_8_10-X86_64.7z.sha256
2026-10-08 14:46:05,147 - aqt.helper - INFO - helper 140505756471296 Downloading qttools...
2026-10-08 14:46:05,148 - aqt.installer - DEBUG - installer 140505756471296 Download URL: https://download.qt.io/online/qtsdkrepository/linux_x64/desktop/qt6_683/qt6_683/qt.qt6.683.linux_gcc_64/6.8.3-0-202503201345qttools-Linux-RHEL_8_10-GCC-Linux-RHEL_8_10-X86_64.7z
2026-10-08 14:46:05,200 - aqt.helper - DEBUG - helper 140289039118336 Asked to redirect(302) to: https://ftp.fau.de/qtproject/online/qtsdkrepository/linux_x64/desktop/qt6_683/qt6_683/qt.qt6.683.linux_gcc_64/6.8.3-0-202503201345qtdeclarative-Linux-RHEL_8_10-GCC-Linux-RHEL_8_10-X86_64.7z
2026-10-08 14:46:05,201 - aqt.helper - INFO - helper 140289039118336 Redirected: ftp.fau.de
2026-10-08 14:46:05,319 - aqt.helper - INFO - helper 140637946404864 Downloading qttranslations...
2026-10-08 14:46:05,319 - aqt.installer - DEBUG - installer 140637946404864 Download URL: https://download.qt.io/online/qtsdkrepository/linux_x64/desktop/qt6_683/qt6_683/qt.qt6.683.linux_gcc_64/6.8.3-0-202503201345qttranslations-Linux-RHEL_8_10-GCC-Linux-RHEL_8_10-X86_64.7z
2026-10-08 14:46:05,357 - aqt.helper - DEBUG - helper 140505756471296 Asked to redirect(302) to: https://ftp.fau.de/qtproject/online/qtsdkrepository/linux_x64/desktop/qt6_683/qt6_683/qt.qt6.683.linux_gcc_64/6.8.3-0-202503201345qttools-Linux-RHEL_8_10-GCC-Linux-RHEL_8_10-X86_64.7z
2026-10-08 14:46:05,358 - aqt.helper - INFO - helper 140505756471296 Redirected: ftp.fau.de
2026-10-08 14:46:05,514 - aqt.helper - DEBUG - helper 140637946404864 Asked to redirect(302) to: https://ftp.fau.de/qtproject/online/qtsdkrepository/linux_x64/desktop/qt6_683/qt6_683/qt.qt6.683.linux_gcc_64/6.8.3-0-202503201345qttranslations-Linux-RHEL_8_10-GCC-Linux-RHEL_8_10-X86_64.7z
2026-10-08 14:46:05,514 - aqt.helper - INFO - helper 140637946404864 Redirected: ftp.fau.de
2026-10-08 14:46:06,152 - aqt.installer - INFO - installer 140637946404864 Finished installation of qttranslations-Linux-RHEL_8_10-GCC-Linux-RHEL_8_10-X86_64.7z in 1.05046648
2026-10-08 14:46:06,185 - aqt.helper - DEBUG - helper 140637946404864 Attempt to download checksum at https://download.qt.io/online/qtsdkrepository/linux_x64/desktop/qt6_683/qt6_683/qt.qt6.683.linux_gcc_64/6.8.3-0-202503201345qtwayland-Linux-RHEL_8_10-GCC-Linux-RHEL_8_10-X86_64.7z.sha256
2026-10-08 14:46:06,388 - aqt.helper - INFO - helper 140637946404864 Downloading qtwayland...
2026-10-08 14:46:06,388 - aqt.installer - DEBUG - installer 140637946404864 Download URL: https://download.qt.io/online/qtsdkrepository/linux_x64/desktop/qt6_683/qt6_683/qt.qt6.683.linux_gcc_64/6.8.3-0-202503201345qtwayland-Linux-RHEL_8_10-GCC-Linux-RHEL_8_10-X86_64.7z
2026-10-08 14:46:06,587 - aqt.helper - DEBUG - helper 140637946404864 Asked to redirect(302) to: https://ftp.fau.de/qtproject/online/qtsdkrepository/linux_x64/desktop/qt6_683/qt6_683/qt.qt6.683.linux_gcc_64/6.8.3-0-202503201345qtwayland-Linux-RHEL_8_10-GCC-Linux-RHEL_8_10-X86_64.7z
2026-10-08 14:46:06,587 - aqt.helper - INFO - helper 140637946404864 Redirected: ftp.fau.de
2026-10-08 14:46:06,975 - aqt.installer - INFO - installer 140637946404864 Finished installation of qtwayland-Linux-RHEL_8_10-GCC-Linux-RHEL_8_10-X86_64.7z in 0.79132777
2026-10-08 14:46:07,341 - aqt.helper - DEBUG - helper 140095596761088 Attempt to download checksum at https://download.qt.io/online/qtsdkrepository/linux_x64/desktop/qt6_683/qt6_683/qt.qt6.683.linux_gcc_64/6.8.3-0-202503201345icu-linux-Rhel8.6-x86_64.7z.sha256
2026-10-08 14:46:07,537 - aqt.helper - INFO - helper 140095596761088 Downloading icu...
2026-10-08 14:46:07,537 - aqt.installer - DEBUG - installer 140095596761088 Download URL: https://download.qt.io/online/qtsdkrepository/linux_x64/desktop/qt6_683/qt6_683/qt.qt6.683.linux_gcc_64/6.8.3-0-202503201345icu-linux-Rhel8.6-x86_64.7z
2026-10-08 14:46:07,741 - aqt.helper - DEBUG - helper 140095596761088 Asked to redirect(302) to: https://ftp.fau.de/qtproject/online/qtsdkrepository/linux_x64/desktop/qt6_683/qt6_683/qt.qt6.683.linux_gcc_64/6.8.3-0-202503201345icu-linux-Rhel8.6-x86_64.7z
2026-10-08 14:46:07,742 - aqt.helper - INFO - helper 140095596761088 Redirected: ftp.fau.de
2026-10-08 14:46:09,510 - aqt.installer - INFO - installer 140095596761088 Finished installation of icu-linux-Rhel8.6-x86_64.7z in 2.17148984
2026-10-08 14:46:10,609 - aqt.installer - INFO - installer 139624822165504 Finished installation of qtbase-Linux-RHEL_8_10-GCC-Linux-RHEL_8_10-X86_64.7z in 6.37029568
2026-10-08 14:46:11,619 - aqt.installer - INFO - installer 140505756471296 Finished installation of qttools-Linux-RHEL_8_10-GCC-Linux-RHEL_8_10-X86_64.7z in 6.67067575
2026-10-08 14:46:26,647 - aqt.installer - INFO - installer 140289039118336 Finished installation of qtdeclarative-Linux-RHEL_8_10-GCC-Linux-RHEL_8_10-X86_64.7z in 21.86041243
2026-10-08 14:46:26,882 - aqt.updater - INFO - updater 140008891195392 Patching /home/moritz/Qt/6.8.3/gcc_64/bin/qmake
2026-10-08 14:46:26,889 - aqt.updater - INFO - updater 140008891195392 Patching /home/moritz/Qt/6.8.3/gcc_64/lib/pkgconfig/Qt6Charts.pc
2026-10-08 14:46:26,890 - aqt.updater - INFO - updater 140008891195392 Patching /home/moritz/Qt/6.8.3/gcc_64/lib/pkgconfig/Qt6QuickLayouts.pc
2026-10-08 14:46:26,890 - aqt.updater - INFO - updater 140008891195392 Patching /home/moritz/Qt/6.8.3/gcc_64/lib/pkgconfig/Qt6UiTools.pc
2026-10-08 14:46:26,891 - aqt.updater - INFO - updater 140008891195392 Patching /home/moritz/Qt/6.8.3/gcc_64/lib/pkgconfig/Qt6QuickControls2FluentWinUI3StyleImpl.pc
2026-10-08 14:46:26,891 - aqt.updater - INFO - updater 140008891195392 Patching /home/moritz/Qt/6.8.3/gcc_64/lib/pkgconfig/Qt6QuickDialogs2.pc
2026-10-08 14:46:26,891 - aqt.updater - INFO - updater 140008891195392 Patching /home/moritz/Qt/6.8.3/gcc_64/lib/pkgconfig/Qt6QuickControls2Universal.pc
2026-10-08 14:46:26,891 - aqt.updater - INFO - updater 140008891195392 Patching /home/moritz/Qt/6.8.3/gcc_64/lib/pkgconfig/Qt6ChartsQml.pc
2026-10-08 14:46:26,891 - aqt.updater - INFO - updater 140008891195392 Patching /home/moritz/Qt/6.8.3/gcc_64/lib/pkgconfig/Qt6WaylandClient.pc
2026-10-08 14:46:26,892 - aqt.updater - INFO - updater 140008891195392 Patching /home/moritz/Qt/6.8.3/gcc_64/lib/pkgconfig/Qt6Designer.pc
2026-10-08 14:46:26,892 - aqt.updater - INFO - updater 140008891195392 Patching /home/moritz/Qt/6.8.3/gcc_64/lib/pkgconfig/Qt6Concurrent.pc
2026-10-08 14:46:26,892 - aqt.updater - INFO - updater 140008891195392 Patching /home/moritz/Qt/6.8.3/gcc_64/lib/pkgconfig/Qt6WebSockets.pc
2026-10-08 14:46:26,893 - aqt.updater - INFO - updater 140008891195392 Patching /home/moritz/Qt/6.8.3/gcc_64/lib/pkgconfig/Qt6QuickControls2Fusion.pc
2026-10-08 14:46:26,893 - aqt.updater - INFO - updater 140008891195392 Patching /home/moritz/Qt/6.8.3/gcc_64/lib/pkgconfig/Qt6QuickControls2BasicStyleImpl.pc
2026-10-08 14:46:26,893 - aqt.updater - INFO - updater 140008891195392 Patching /home/moritz/Qt/6.8.3/gcc_64/lib/pkgconfig/Qt6QuickControls2Material.pc
2026-10-08 14:46:26,893 - aqt.updater - INFO - updater 140008891195392 Patching /home/moritz/Qt/6.8.3/gcc_64/lib/pkgconfig/Qt6Core.pc
2026-10-08 14:46:26,894 - aqt.updater - INFO - updater 140008891195392 Patching /home/moritz/Qt/6.8.3/gcc_64/lib/pkgconfig/Qt6UiPlugin.pc
2026-10-08 14:46:26,894 - aqt.updater - INFO - updater 140008891195392 Patching /home/moritz/Qt/6.8.3/gcc_64/lib/pkgconfig/Qt6Xml.pc
2026-10-08 14:46:26,894 - aqt.updater - INFO - updater 140008891195392 Patching /home/moritz/Qt/6.8.3/gcc_64/lib/pkgconfig/Qt6LabsPlatform.pc
2026-10-08 14:46:26,894 - aqt.updater - INFO - updater 140008891195392 Patching /home/moritz/Qt/6.8.3/gcc_64/lib/pkgconfig/Qt6Qml.pc
2026-10-08 14:46:26,895 - aqt.updater - INFO - updater 140008891195392 Patching /home/moritz/Qt/6.8.3/gcc_64/lib/pkgconfig/Qt6Core5Compat.pc
2026-10-08 14:46:26,895 - aqt.updater - INFO - updater 140008891195392 Patching /home/moritz/Qt/6.8.3/gcc_64/lib/pkgconfig/Qt6SvgWidgets.pc
2026-10-08 14:46:26,895 - aqt.updater - INFO - updater 140008891195392 Patching /home/moritz/Qt/6.8.3/gcc_64/lib/pkgconfig/Qt6Svg.pc
2026-10-08 14:46:26,896 - aqt.updater - INFO - updater 140008891195392 Patching /home/moritz/Qt/6.8.3/gcc_64/lib/pkgconfig/Qt6QuickVectorImage.pc
2026-10-08 14:46:26,896 - aqt.updater - INFO - updater 140008891195392 Patching /home/moritz/Qt/6.8.3/gcc_64/lib/pkgconfig/Qt6QmlXmlListModel.pc
2026-10-08 14:46:26,896 - aqt.updater - INFO - updater 140008891195392 Patching /home/moritz/Qt/6.8.3/gcc_64/lib/pkgconfig/Qt6LabsAnimation.pc
2026-10-08 14:46:26,896 - aqt.updater - INFO - updater 140008891195392 Patching /home/moritz/Qt/6.8.3/gcc_64/lib/pkgconfig/Qt6Nfc.pc
2026-10-08 14:46:26,897 - aqt.updater - INFO - updater 140008891195392 Patching /home/moritz/Qt/6.8.3/gcc_64/lib/pkgconfig/Qt6QmlNetwork.pc
2026-10-08 14:46:26,897 - aqt.updater - INFO - updater 140008891195392 Patching /home/moritz/Qt/6.8.3/gcc_64/lib/pkgconfig/Qt6QmlLocalStorage.pc
2026-10-08 14:46:26,897 - aqt.updater - INFO - updater 140008891195392 Patching /home/moritz/Qt/6.8.3/gcc_64/lib/pkgconfig/Qt6QuickTest.pc
2026-10-08 14:46:26,898 - aqt.updater - INFO - updater 140008891195392 Patching /home/moritz/Qt/6.8.3/gcc_64/lib/pkgconfig/Qt6QuickDialogs2QuickImpl.pc
2026-10-08 14:46:26,898 - aqt.updater - INFO - updater 140008891195392 Patching /home/moritz/Qt/6.8.3/gcc_64/lib/pkgconfig/Qt6Network.pc
2026-10-08 14:46:26,898 - aqt.updater - INFO - updater 140008891195392 Patching /home/moritz/Qt/6.8.3/gcc_64/lib/pkgconfig/Qt6LabsSettings.pc
2026-10-08 14:46:26,898 - aqt.updater - INFO - updater 140008891195392 Patching /home/moritz/Qt/6.8.3/gcc_64/lib/pkgconfig/Qt6LabsWavefrontMesh.pc
2026-10-08 14:46:26,898 - aqt.updater - INFO - updater 140008891195392 Patching /home/moritz/Qt/6.8.3/gcc_64/lib/pkgconfig/Qt6QmlModels.pc
2026-10-08 14:46:26,899 - aqt.updater - INFO - updater 140008891195392 Patching /home/moritz/Qt/6.8.3/gcc_64/lib/pkgconfig/Qt6LabsFolderListModel.pc
2026-10-08 14:46:26,899 - aqt.updater - INFO - updater 140008891195392 Patching /home/moritz/Qt/6.8.3/gcc_64/lib/pkgconfig/Qt6QuickTemplates2.pc
2026-10-08 14:46:26,899 - aqt.updater - INFO - updater 140008891195392 Patching /home/moritz/Qt/6.8.3/gcc_64/lib/pkgconfig/Qt6Bluetooth.pc
2026-10-08 14:46:26,899 - aqt.updater - INFO - updater 140008891195392 Patching /home/moritz/Qt/6.8.3/gcc_64/lib/pkgconfig/Qt6Sql.pc
2026-10-08 14:46:26,900 - aqt.updater - INFO - updater 140008891195392 Patching /home/moritz/Qt/6.8.3/gcc_64/lib/pkgconfig/Qt6QmlWorkerScript.pc
2026-10-08 14:46:26,900 - aqt.updater - INFO - updater 140008891195392 Patching /home/moritz/Qt/6.8.3/gcc_64/lib/pkgconfig/Qt6QmlCore.pc
2026-10-08 14:46:26,900 - aqt.updater - INFO - updater 140008891195392 Patching /home/moritz/Qt/6.8.3/gcc_64/lib/pkgconfig/Qt6ShaderTools.pc
2026-10-08 14:46:26,900 - aqt.updater - INFO - updater 140008891195392 Patching /home/moritz/Qt/6.8.3/gcc_64/lib/pkgconfig/Qt6QuickControls2FusionStyleImpl.pc
2026-10-08 14:46:26,901 - aqt.updater - INFO - updater 140008891195392 Patching /home/moritz/Qt/6.8.3/gcc_64/lib/pkgconfig/Qt6QuickControls2UniversalStyleImpl.pc
2026-10-08 14:46:26,901 - aqt.updater - INFO - updater 140008891195392 Patching /home/moritz/Qt/6.8.3/gcc_64/lib/pkgconfig/Qt6Help.pc
2026-10-08 14:46:26,901 - aqt.updater - INFO - updater 140008891195392 Patching /home/moritz/Qt/6.8.3/gcc_64/lib/pkgconfig/Qt6DBus.pc
2026-10-08 14:46:26,901 - aqt.updater - INFO - updater 140008891195392 Patching /home/moritz/Qt/6.8.3/gcc_64/lib/pkgconfig/Qt6OpenGLWidgets.pc
2026-10-08 14:46:26,902 - aqt.updater - INFO - updater 140008891195392 Patching /home/moritz/Qt/6.8.3/gcc_64/lib/pkgconfig/Qt6LabsQmlModels.pc
2026-10-08 14:46:26,902 - aqt.updater - INFO - updater 140008891195392 Patching /home/moritz/Qt/6.8.3/gcc_64/lib/pkgconfig/Qt6PrintSupport.pc
2026-10-08 14:46:26,902 - aqt.updater - INFO - updater 140008891195392 Patching /home/moritz/Qt/6.8.3/gcc_64/lib/pkgconfig/Qt6QuickControls2MaterialStyleImpl.pc
2026-10-08 14:46:26,902 - aqt.updater - INFO - updater 140008891195392 Patching /home/moritz/Qt/6.8.3/gcc_64/lib/pkgconfig/Qt6QmlMeta.pc
2026-10-08 14:46:26,903 - aqt.updater - INFO - updater 140008891195392 Patching /home/moritz/Qt/6.8.3/gcc_64/lib/pkgconfig/Qt6QuickControls2ImagineStyleImpl.pc
2026-10-08 14:46:26,903 - aqt.updater - INFO - updater 140008891195392 Patching /home/moritz/Qt/6.8.3/gcc_64/lib/pkgconfig/Qt6Platform.pc
2026-10-08 14:46:26,903 - aqt.updater - INFO - updater 140008891195392 Patching /home/moritz/Qt/6.8.3/gcc_64/lib/pkgconfig/Qt6OpenGL.pc
2026-10-08 14:46:26,905 - aqt.updater - INFO - updater 140008891195392 Patching /home/moritz/Qt/6.8.3/gcc_64/lib/pkgconfig/Qt6QuickDialogs2Utils.pc
2026-10-08 14:46:26,905 - aqt.updater - INFO - updater 140008891195392 Patching /home/moritz/Qt/6.8.3/gcc_64/lib/pkgconfig/Qt6QmlAssetDownloader.pc
2026-10-08 14:46:26,905 - aqt.updater - INFO - updater 140008891195392 Patching /home/moritz/Qt/6.8.3/gcc_64/lib/pkgconfig/Qt6QuickControls2.pc
2026-10-08 14:46:26,905 - aqt.updater - INFO - updater 140008891195392 Patching /home/moritz/Qt/6.8.3/gcc_64/lib/pkgconfig/Qt6QuickControls2Imagine.pc
2026-10-08 14:46:26,906 - aqt.updater - INFO - updater 140008891195392 Patching /home/moritz/Qt/6.8.3/gcc_64/lib/pkgconfig/Qt6LabsSharedImage.pc
2026-10-08 14:46:26,906 - aqt.updater - INFO - updater 140008891195392 Patching /home/moritz/Qt/6.8.3/gcc_64/lib/pkgconfig/Qt6QuickControls2Basic.pc
2026-10-08 14:46:26,906 - aqt.updater - INFO - updater 140008891195392 Patching /home/moritz/Qt/6.8.3/gcc_64/lib/pkgconfig/Qt6Widgets.pc
2026-10-08 14:46:26,907 - aqt.updater - INFO - updater 140008891195392 Patching /home/moritz/Qt/6.8.3/gcc_64/lib/pkgconfig/Qt6Linguist.pc
2026-10-08 14:46:26,907 - aqt.updater - INFO - updater 140008891195392 Patching /home/moritz/Qt/6.8.3/gcc_64/lib/pkgconfig/Qt6QuickWidgets.pc
2026-10-08 14:46:26,907 - aqt.updater - INFO - updater 140008891195392 Patching /home/moritz/Qt/6.8.3/gcc_64/lib/pkgconfig/Qt6Test.pc
2026-10-08 14:46:26,908 - aqt.updater - INFO - updater 140008891195392 Patching /home/moritz/Qt/6.8.3/gcc_64/lib/pkgconfig/Qt6QmlIntegration.pc
2026-10-08 14:46:26,908 - aqt.updater - INFO - updater 140008891195392 Patching /home/moritz/Qt/6.8.3/gcc_64/lib/pkgconfig/Qt6Quick.pc
2026-10-08 14:46:26,908 - aqt.updater - INFO - updater 140008891195392 Patching /home/moritz/Qt/6.8.3/gcc_64/lib/pkgconfig/Qt6QuickControls2Impl.pc
2026-10-08 14:46:26,908 - aqt.updater - INFO - updater 140008891195392 Patching /home/moritz/Qt/6.8.3/gcc_64/lib/pkgconfig/Qt6QmlCompiler.pc
2026-10-08 14:46:26,908 - aqt.updater - INFO - updater 140008891195392 Patching /home/moritz/Qt/6.8.3/gcc_64/lib/pkgconfig/Qt6Gui.pc
2026-10-08 14:46:26,910 - aqt.updater - INFO - updater 140008891195392 Patching /home/moritz/Qt/6.8.3/gcc_64/lib/libQt6QuickParticles.prl
2026-10-08 14:46:26,910 - aqt.updater - INFO - updater 140008891195392 Patching /home/moritz/Qt/6.8.3/gcc_64/lib/libQt6WaylandEglClientHwIntegration.prl
2026-10-08 14:46:26,910 - aqt.updater - INFO - updater 140008891195392 Patching /home/moritz/Qt/6.8.3/gcc_64/lib/libQt6ShaderTools.prl
2026-10-08 14:46:26,911 - aqt.updater - INFO - updater 140008891195392 Patching /home/moritz/Qt/6.8.3/gcc_64/lib/libQt6QuickControls2.prl
2026-10-08 14:46:26,911 - aqt.updater - INFO - updater 140008891195392 Patching /home/moritz/Qt/6.8.3/gcc_64/lib/libQt6QmlCore.prl
2026-10-08 14:46:26,911 - aqt.updater - INFO - updater 140008891195392 Patching /home/moritz/Qt/6.8.3/gcc_64/lib/libQt6QuickControls2UniversalStyleImpl.prl
2026-10-08 14:46:26,911 - aqt.updater - INFO - updater 140008891195392 Patching /home/moritz/Qt/6.8.3/gcc_64/lib/libQt6QmlModels.prl
2026-10-08 14:46:26,912 - aqt.updater - INFO - updater 140008891195392 Patching /home/moritz/Qt/6.8.3/gcc_64/lib/libQt6Nfc.prl
2026-10-08 14:46:26,912 - aqt.updater - INFO - updater 140008891195392 Patching /home/moritz/Qt/6.8.3/gcc_64/lib/libQt6Designer.prl
2026-10-08 14:46:26,912 - aqt.updater - INFO - updater 140008891195392 Patching /home/moritz/Qt/6.8.3/gcc_64/lib/libQt6Help.prl
2026-10-08 14:46:26,913 - aqt.updater - INFO - updater 140008891195392 Patching /home/moritz/Qt/6.8.3/gcc_64/lib/libQt6QuickControls2FluentWinUI3StyleImpl.prl
2026-10-08 14:46:26,913 - aqt.updater - INFO - updater 140008891195392 Patching /home/moritz/Qt/6.8.3/gcc_64/lib/libQt6ChartsQml.prl
2026-10-08 14:46:26,913 - aqt.updater - INFO - updater 140008891195392 Patching /home/moritz/Qt/6.8.3/gcc_64/lib/libQt6QuickWidgets.prl
2026-10-08 14:46:26,913 - aqt.updater - INFO - updater 140008891195392 Patching /home/moritz/Qt/6.8.3/gcc_64/lib/libQt6ExamplesAssetDownloader.prl
2026-10-08 14:46:26,914 - aqt.updater - INFO - updater 140008891195392 Patching /home/moritz/Qt/6.8.3/gcc_64/lib/libQt6Network.prl
2026-10-08 14:46:26,914 - aqt.updater - INFO - updater 140008891195392 Patching /home/moritz/Qt/6.8.3/gcc_64/lib/libQt6QmlLS.prl
2026-10-08 14:46:26,914 - aqt.updater - INFO - updater 140008891195392 Patching /home/moritz/Qt/6.8.3/gcc_64/lib/libQt6LabsFolderListModel.prl
2026-10-08 14:46:26,914 - aqt.updater - INFO - updater 140008891195392 Patching /home/moritz/Qt/6.8.3/gcc_64/lib/libQt6QuickControlsTestUtils.prl
2026-10-08 14:46:26,915 - aqt.updater - INFO - updater 140008891195392 Patching /home/moritz/Qt/6.8.3/gcc_64/lib/libQt6QmlLocalStorage.prl
2026-10-08 14:46:26,915 - aqt.updater - INFO - updater 140008891195392 Patching /home/moritz/Qt/6.8.3/gcc_64/lib/libQt6EglFsKmsGbmSupport.prl
2026-10-08 14:46:26,915 - aqt.updater - INFO - updater 140008891195392 Patching /home/moritz/Qt/6.8.3/gcc_64/lib/libQt6LabsPlatform.prl
2026-10-08 14:46:26,916 - aqt.updater - INFO - updater 140008891195392 Patching /home/moritz/Qt/6.8.3/gcc_64/lib/libQt6Svg.prl
2026-10-08 14:46:26,916 - aqt.updater - INFO - updater 140008891195392 Patching /home/moritz/Qt/6.8.3/gcc_64/lib/libQt6XcbQpa.prl
2026-10-08 14:46:26,917 - aqt.updater - INFO - updater 140008891195392 Patching /home/moritz/Qt/6.8.3/gcc_64/lib/libQt6KmsSupport.prl
2026-10-08 14:46:26,917 - aqt.updater - INFO - updater 140008891195392 Patching /home/moritz/Qt/6.8.3/gcc_64/lib/libQt6QuickTest.prl
2026-10-08 14:46:26,918 - aqt.updater - INFO - updater 140008891195392 Patching /home/moritz/Qt/6.8.3/gcc_64/lib/libQt6LabsAnimation.prl
2026-10-08 14:46:26,918 - aqt.updater - INFO - updater 140008891195392 Patching /home/moritz/Qt/6.8.3/gcc_64/lib/libQt6EglFsKmsSupport.prl
2026-10-08 14:46:26,919 - aqt.updater - INFO - updater 140008891195392 Patching /home/moritz/Qt/6.8.3/gcc_64/lib/libQt6QuickControls2Imagine.prl
2026-10-08 14:46:26,919 - aqt.updater - INFO - updater 140008891195392 Patching /home/moritz/Qt/6.8.3/gcc_64/lib/libQt6QmlAssetDownloader.prl
2026-10-08 14:46:26,919 - aqt.updater - INFO - updater 140008891195392 Patching /home/moritz/Qt/6.8.3/gcc_64/lib/libQt6Charts.prl
2026-10-08 14:46:26,919 - aqt.updater - INFO - updater 140008891195392 Patching /home/moritz/Qt/6.8.3/gcc_64/lib/libQt6QmlWorkerScript.prl
2026-10-08 14:46:26,920 - aqt.updater - INFO - updater 140008891195392 Patching /home/moritz/Qt/6.8.3/gcc_64/lib/libQt6QmlTypeRegistrar.prl
2026-10-08 14:46:26,920 - aqt.updater - INFO - updater 140008891195392 Patching /home/moritz/Qt/6.8.3/gcc_64/lib/libQt6DBus.prl
2026-10-08 14:46:26,920 - aqt.updater - INFO - updater 140008891195392 Patching /home/moritz/Qt/6.8.3/gcc_64/lib/libQt6QuickVectorImageGenerator.prl
2026-10-08 14:46:26,920 - aqt.updater - INFO - updater 140008891195392 Patching /home/moritz/Qt/6.8.3/gcc_64/lib/libQt6QuickControls2Basic.prl
2026-10-08 14:46:26,920 - aqt.updater - INFO - updater 140008891195392 Patching /home/moritz/Qt/6.8.3/gcc_64/lib/libQt6Widgets.prl
2026-10-08 14:46:26,921 - aqt.updater - INFO - updater 140008891195392 Patching /home/moritz/Qt/6.8.3/gcc_64/lib/libQt6QmlDom.prl
2026-10-08 14:46:26,921 - aqt.updater - INFO - updater 140008891195392 Patching /home/moritz/Qt/6.8.3/gcc_64/lib/libQt6LabsQmlModels.prl
2026-10-08 14:46:26,921 - aqt.updater - INFO - updater 140008891195392 Patching /home/moritz/Qt/6.8.3/gcc_64/lib/libQt6QuickControls2ImagineStyleImpl.prl
2026-10-08 14:46:26,922 - aqt.updater - INFO - updater 140008891195392 Patching /home/moritz/Qt/6.8.3/gcc_64/lib/libQt6QmlDebug.prl
2026-10-08 14:46:26,922 - aqt.updater - INFO - updater 140008891195392 Patching /home/moritz/Qt/6.8.3/gcc_64/lib/libQt6EglFSDeviceIntegration.prl
2026-10-08 14:46:26,922 - aqt.updater - INFO - updater 140008891195392 Patching /home/moritz/Qt/6.8.3/gcc_64/lib/libQt6Core.prl
2026-10-08 14:46:26,923 - aqt.updater - INFO - updater 140008891195392 Patching /home/moritz/Qt/6.8.3/gcc_64/lib/libQt6WebSockets.prl
2026-10-08 14:46:26,923 - aqt.updater - INFO - updater 140008891195392 Patching /home/moritz/Qt/6.8.3/gcc_64/lib/libQt6InputSupport.prl
2026-10-08 14:46:26,923 - aqt.updater - INFO - updater 140008891195392 Patching /home/moritz/Qt/6.8.3/gcc_64/lib/libQt6OpenGL.prl
2026-10-08 14:46:26,924 - aqt.updater - INFO - updater 140008891195392 Patching /home/moritz/Qt/6.8.3/gcc_64/lib/libQt6QuickLayouts.prl
2026-10-08 14:46:26,924 - aqt.updater - INFO - updater 140008891195392 Patching /home/moritz/Qt/6.8.3/gcc_64/lib/libQt6SvgWidgets.prl
2026-10-08 14:46:26,924 - aqt.updater - INFO - updater 140008891195392 Patching /home/moritz/Qt/6.8.3/gcc_64/lib/libQt6LabsSharedImage.prl
2026-10-08 14:46:26,924 - aqt.updater - INFO - updater 140008891195392 Patching /home/moritz/Qt/6.8.3/gcc_64/lib/libQt6PacketProtocol.prl
2026-10-08 14:46:26,925 - aqt.updater - INFO - updater 140008891195392 Patching /home/moritz/Qt/6.8.3/gcc_64/lib/libQt6FbSupport.prl
2026-10-08 14:46:26,925 - aqt.updater - INFO - updater 140008891195392 Patching /home/moritz/Qt/6.8.3/gcc_64/lib/libQt6QuickControls2MaterialStyleImpl.prl
2026-10-08 14:46:26,925 - aqt.updater - INFO - updater 140008891195392 Patching /home/moritz/Qt/6.8.3/gcc_64/lib/libQt6QmlMeta.prl
2026-10-08 14:46:26,926 - aqt.updater - INFO - updater 140008891195392 Patching /home/moritz/Qt/6.8.3/gcc_64/lib/libQt6QuickControls2Universal.prl
2026-10-08 14:46:26,926 - aqt.updater - INFO - updater 140008891195392 Patching /home/moritz/Qt/6.8.3/gcc_64/lib/libQt6QuickTemplates2.prl
2026-10-08 14:46:26,926 - aqt.updater - INFO - updater 140008891195392 Patching /home/moritz/Qt/6.8.3/gcc_64/lib/libQt6QuickShapes.prl
2026-10-08 14:46:26,926 - aqt.updater - INFO - updater 140008891195392 Patching /home/moritz/Qt/6.8.3/gcc_64/lib/libQt6QmlToolingSettings.prl
2026-10-08 14:46:26,926 - aqt.updater - INFO - updater 140008891195392 Patching /home/moritz/Qt/6.8.3/gcc_64/lib/libQt6QuickTestUtils.prl
2026-10-08 14:46:26,927 - aqt.updater - INFO - updater 140008891195392 Patching /home/moritz/Qt/6.8.3/gcc_64/lib/libQt6OpenGLWidgets.prl
2026-10-08 14:46:26,927 - aqt.updater - INFO - updater 140008891195392 Patching /home/moritz/Qt/6.8.3/gcc_64/lib/libQt6LabsWavefrontMesh.prl
2026-10-08 14:46:26,927 - aqt.updater - INFO - updater 140008891195392 Patching /home/moritz/Qt/6.8.3/gcc_64/lib/libQt6LabsSettings.prl
2026-10-08 14:46:26,928 - aqt.updater - INFO - updater 140008891195392 Patching /home/moritz/Qt/6.8.3/gcc_64/lib/libQt6UiTools.prl
2026-10-08 14:46:26,928 - aqt.updater - INFO - updater 140008891195392 Patching /home/moritz/Qt/6.8.3/gcc_64/lib/libQt6Qml.prl
2026-10-08 14:46:26,928 - aqt.updater - INFO - updater 140008891195392 Patching /home/moritz/Qt/6.8.3/gcc_64/lib/libQt6Bluetooth.prl
2026-10-08 14:46:26,929 - aqt.updater - INFO - updater 140008891195392 Patching /home/moritz/Qt/6.8.3/gcc_64/lib/libQt6ExampleIcons.prl
2026-10-08 14:46:26,929 - aqt.updater - INFO - updater 140008891195392 Patching /home/moritz/Qt/6.8.3/gcc_64/lib/libQt6Concurrent.prl
2026-10-08 14:46:26,929 - aqt.updater - INFO - updater 140008891195392 Patching /home/moritz/Qt/6.8.3/gcc_64/lib/libQt6DeviceDiscoverySupport.prl
2026-10-08 14:46:26,930 - aqt.updater - INFO - updater 140008891195392 Patching /home/moritz/Qt/6.8.3/gcc_64/lib/libQt6Xml.prl
2026-10-08 14:46:26,930 - aqt.updater - INFO - updater 140008891195392 Patching /home/moritz/Qt/6.8.3/gcc_64/lib/libQt6QuickControls2FusionStyleImpl.prl
2026-10-08 14:46:26,930 - aqt.updater - INFO - updater 140008891195392 Patching /home/moritz/Qt/6.8.3/gcc_64/lib/libQt6Core5Compat.prl
2026-10-08 14:46:26,931 - aqt.updater - INFO - updater 140008891195392 Patching /home/moritz/Qt/6.8.3/gcc_64/lib/libQt6WaylandClient.prl
2026-10-08 14:46:26,931 - aqt.updater - INFO - updater 140008891195392 Patching /home/moritz/Qt/6.8.3/gcc_64/lib/libQt6QuickControls2BasicStyleImpl.prl
2026-10-08 14:46:26,931 - aqt.updater - INFO - updater 140008891195392 Patching /home/moritz/Qt/6.8.3/gcc_64/lib/libQt6QuickControls2Impl.prl
2026-10-08 14:46:26,931 - aqt.updater - INFO - updater 140008891195392 Patching /home/moritz/Qt/6.8.3/gcc_64/lib/libQt6Test.prl
2026-10-08 14:46:26,932 - aqt.updater - INFO - updater 140008891195392 Patching /home/moritz/Qt/6.8.3/gcc_64/lib/libQt6QmlCompiler.prl
2026-10-08 14:46:26,932 - aqt.updater - INFO - updater 140008891195392 Patching /home/moritz/Qt/6.8.3/gcc_64/lib/libQt6QuickDialogs2QuickImpl.prl
2026-10-08 14:46:26,932 - aqt.updater - INFO - updater 140008891195392 Patching /home/moritz/Qt/6.8.3/gcc_64/lib/libQt6PrintSupport.prl
2026-10-08 14:46:26,933 - aqt.updater - INFO - updater 140008891195392 Patching /home/moritz/Qt/6.8.3/gcc_64/lib/libQt6QuickVectorImage.prl
2026-10-08 14:46:26,933 - aqt.updater - INFO - updater 140008891195392 Patching /home/moritz/Qt/6.8.3/gcc_64/lib/libQt6QuickDialogs2Utils.prl
2026-10-08 14:46:26,933 - aqt.updater - INFO - updater 140008891195392 Patching /home/moritz/Qt/6.8.3/gcc_64/lib/libQt6Sql.prl
2026-10-08 14:46:26,933 - aqt.updater - INFO - updater 140008891195392 Patching /home/moritz/Qt/6.8.3/gcc_64/lib/libQt6QmlNetwork.prl
2026-10-08 14:46:26,934 - aqt.updater - INFO - updater 140008891195392 Patching /home/moritz/Qt/6.8.3/gcc_64/lib/libQt6Quick.prl
2026-10-08 14:46:26,934 - aqt.updater - INFO - updater 140008891195392 Patching /home/moritz/Qt/6.8.3/gcc_64/lib/libQt6QuickEffects.prl
2026-10-08 14:46:26,934 - aqt.updater - INFO - updater 140008891195392 Patching /home/moritz/Qt/6.8.3/gcc_64/lib/libQt6QuickControls2Material.prl
2026-10-08 14:46:26,934 - aqt.updater - INFO - updater 140008891195392 Patching /home/moritz/Qt/6.8.3/gcc_64/lib/libQt6QuickDialogs2.prl
2026-10-08 14:46:26,934 - aqt.updater - INFO - updater 140008891195392 Patching /home/moritz/Qt/6.8.3/gcc_64/lib/libQt6Gui.prl
2026-10-08 14:46:26,935 - aqt.updater - INFO - updater 140008891195392 Patching /home/moritz/Qt/6.8.3/gcc_64/lib/libQt6WlShellIntegration.prl
2026-10-08 14:46:26,935 - aqt.updater - INFO - updater 140008891195392 Patching /home/moritz/Qt/6.8.3/gcc_64/lib/libQt6DesignerComponents.prl
2026-10-08 14:46:26,935 - aqt.updater - INFO - updater 140008891195392 Patching /home/moritz/Qt/6.8.3/gcc_64/lib/libQt6QuickControls2Fusion.prl
2026-10-08 14:46:26,936 - aqt.updater - INFO - updater 140008891195392 Patching /home/moritz/Qt/6.8.3/gcc_64/lib/libQt6QmlXmlListModel.prl
2026-10-08 14:46:26,936 - aqt.main - INFO - installer 140008891195392 Finished installation
2026-10-08 14:46:26,936 - aqt.main - INFO - installer 140008891195392 Time elapsed: 24.93832704 second
